TRACE:******************<nop_1>******************************
TRACE:	check the faulting pc's against <0-nop-example.list>:
TRACE:	00008038 <nop_1>:
TRACE:expected:	8038:   e320f000    nop {0}
TRACE:expected:	803c:   e3a00002    mov r0, #2
TRACE:expected:	8040:   ef000001    svc 0x00000001
TRACE:PRE: about to single step <nop_1>
TRACE:fault:	8038:	e320f000  @ 1
TRACE:fault:	803c:	e3a00002  @ 2
TRACE:chg r15: 0x0x8038 -> 0x0x803c
TRACE:fault:	8040:	ef000001  @ 3
TRACE:chg r0: 0x0x0 -> 0x0x2
TRACE:chg r15: 0x0x803c -> 0x0x8040
TRACE:nop_1: exited with syscall=2: arg0=0, pc=0x8044
TRACE:POST: done single-stepping nop_1
TRACE:HASH(nop_1)=0x0xd4c102b3
TRACE:	n_inst=3: non-zero regs= {
TRACE:		r0 = 0x2
TRACE:		r14 = 0x8048
TRACE:		r15 = 0x8044
TRACE:		cpsr=0x110
TRACE:	}
TRACE:******************<loop_fn>******************************
TRACE:****************** top PCs ******************************
TRACE:TOP 0: pc=0x8194 count=101 inst=0xe3530063
TRACE:TOP 1: pc=0x8198 count=101 inst=0x8a000004
TRACE:TOP 2: pc=0x819c count=100 inst=0xe59d2004
TRACE:TOP 3: pc=0x81a0 count=100 inst=0xe0822003
TRACE:TOP 4: pc=0x81a4 count=100 inst=0xe58d2004
TRACE:TOP 5: pc=0x81a8 count=100 inst=0xe2833001
TRACE:TOP 6: pc=0x81ac count=100 inst=0xeafffff8
TRACE:TOP 7: pc=0x8038 count=1 inst=0xe320f000
TRACE:TOP 8: pc=0x803c count=1 inst=0xe3a00002
TRACE:TOP 9: pc=0x8040 count=1 inst=0xef000001
TRACE:TOP 10: pc=0x8048 count=1 inst=0xe1a01000
TRACE:TOP 11: pc=0x804c count=1 inst=0xe3a00002
TRACE:******************<nop_10>******************************
TRACE:PRE: about to single step <nop_10>
TRACE:fault:	8058:	e320f000  @ 1
TRACE:fault:	805c:	e320f000  @ 2
TRACE:chg r15: 0x0x8058 -> 0x0x805c
TRACE:fault:	8060:	e320f000  @ 3
TRACE:chg r15: 0x0x805c -> 0x0x8060
TRACE:fault:	8064:	e320f000  @ 4
TRACE:chg r15: 0x0x8060 -> 0x0x8064
TRACE:fault:	8068:	e320f000  @ 5
TRACE:chg r15: 0x0x8064 -> 0x0x8068
TRACE:fault:	806c:	e320f000  @ 6
TRACE:chg r15: 0x0x8068 -> 0x0x806c
TRACE:fault:	8070:	e320f000  @ 7
TRACE:chg r15: 0x0x806c -> 0x0x8070
TRACE:fault:	8074:	e320f000  @ 8
TRACE:chg r15: 0x0x8070 -> 0x0x8074
TRACE:fault:	8078:	e320f000  @ 9
TRACE:chg r15: 0x0x8074 -> 0x0x8078
TRACE:fault:	807c:	e320f000  @ 10
TRACE:chg r15: 0x0x8078 -> 0x0x807c
TRACE:fault:	8080:	e12fff1e  @ 11
TRACE:chg r15: 0x0x807c -> 0x0x8080
TRACE:fault:	8048:	e1a01000  @ 12
TRACE:chg r15: 0x0x8080 -> 0x0x8048
TRACE:fault:	804c:	e3a00002  @ 13
TRACE:chg r15: 0x0x8048 -> 0x0x804c
TRACE:fault:	8050:	ef000001  @ 14
TRACE:chg r0: 0x0x0 -> 0x0x2
TRACE:chg r15: 0x0x804c -> 0x0x8050
TRACE:nop_10: exited with syscall=2: arg0=0, pc=0x8054
TRACE:POST: done single-stepping nop_10
TRACE:HASH(nop_10)=0x0x3f7e7f79
TRACE:	n_inst=14: non-zero regs= {
TRACE:		r0 = 0x2
TRACE:		r14 = 0x8048
TRACE:		r15 = 0x8054
TRACE:		cpsr=0x110
TRACE:	}
TRACE:expect: pc should be 0x8054!
TRACE:success: exit pc=0x8054!
TRACE:******************<mov_ident>******************************
TRACE:PRE: about to single step <mov_ident>
TRACE:fault:	8088:	e3a00000  @ 1
TRACE:fault:	808c:	e3a01001  @ 2
TRACE:chg r15: 0x0x8088 -> 0x0x808c
TRACE:fault:	8090:	e3a02002  @ 3
TRACE:chg r1: 0x0x0 -> 0x0x1
TRACE:chg r15: 0x0x808c -> 0x0x8090
TRACE:fault:	8094:	e3a03003  @ 4
TRACE:chg r2: 0x0x0 -> 0x0x2
TRACE:chg r15: 0x0x8090 -> 0x0x8094
TRACE:fault:	8098:	e3a04004  @ 5
TRACE:chg r3: 0x0x0 -> 0x0x3
TRACE:chg r15: 0x0x8094 -> 0x0x8098
TRACE:fault:	809c:	e3a05005  @ 6
TRACE:chg r4: 0x0x0 -> 0x0x4
TRACE:chg r15: 0x0x8098 -> 0x0x809c
TRACE:fault:	80a0:	e3a06006  @ 7
TRACE:chg r5: 0x0x0 -> 0x0x5
TRACE:chg r15: 0x0x809c -> 0x0x80a0
TRACE:fault:	80a4:	e3a07007  @ 8
TRACE:chg r6: 0x0x0 -> 0x0x6
TRACE:chg r15: 0x0x80a0 -> 0x0x80a4
TRACE:fault:	80a8:	e3a08008  @ 9
TRACE:chg r7: 0x0x0 -> 0x0x7
TRACE:chg r15: 0x0x80a4 -> 0x0x80a8
TRACE:fault:	80ac:	e3a09009  @ 10
TRACE:chg r8: 0x0x0 -> 0x0x8
TRACE:chg r15: 0x0x80a8 -> 0x0x80ac
TRACE:fault:	80b0:	e3a0a00a  @ 11
TRACE:chg r9: 0x0x0 -> 0x0x9
TRACE:chg r15: 0x0x80ac -> 0x0x80b0
TRACE:fault:	80b4:	e3a0b00b  @ 12
TRACE:chg r10: 0x0x0 -> 0x0xa
TRACE:chg r15: 0x0x80b0 -> 0x0x80b4
TRACE:fault:	80b8:	e3a0c00c  @ 13
TRACE:chg r11: 0x0x0 -> 0x0xb
TRACE:chg r15: 0x0x80b4 -> 0x0x80b8
TRACE:fault:	80bc:	e12fff1e  @ 14
TRACE:chg r12: 0x0x0 -> 0x0xc
TRACE:chg r15: 0x0x80b8 -> 0x0x80bc
TRACE:fault:	8048:	e1a01000  @ 15
TRACE:chg r15: 0x0x80bc -> 0x0x8048
TRACE:fault:	804c:	e3a00002  @ 16
TRACE:chg r1: 0x0x1 -> 0x0x0
TRACE:chg r15: 0x0x8048 -> 0x0x804c
TRACE:fault:	8050:	ef000001  @ 17
TRACE:chg r0: 0x0x0 -> 0x0x2
TRACE:chg r15: 0x0x804c -> 0x0x8050
TRACE:mov_ident: exited with syscall=2: arg0=0, pc=0x8054
TRACE:POST: done single-stepping mov_ident
TRACE:HASH(mov_ident)=0x0x3214ed74
TRACE:	n_inst=17: non-zero regs= {
TRACE:		r0 = 0x2
TRACE:		r2 = 0x2
TRACE:		r3 = 0x3
TRACE:		r4 = 0x4
TRACE:		r5 = 0x5
TRACE:		r6 = 0x6
TRACE:		r7 = 0x7
TRACE:		r8 = 0x8
TRACE:		r9 = 0x9
TRACE:		r10 = 0xa
TRACE:		r11 = 0xb
TRACE:		r12 = 0xc
TRACE:		r14 = 0x8048
TRACE:		r15 = 0x8054
TRACE:		cpsr=0x110
TRACE:	}
TRACE:******************<hello>******************************
TRACE:about to print hello world single-step, no yapping:
